// Jest Snapshot v1, https://goo.gl/fbAQLP

exports[`Breadcrumbs renders 1`] = `
<div>
  <div
    class="bread"
  >
    computacion &gt; 
    <strong />
  </div>
</div>
`;
