// Jest Snapshot v1, https://goo.gl/fbAQLP

exports[`DescriptionProduct renders 1`] = `<div />`;
